// Jest Snapshot v1, https://jestjs.io/docs/snapshot-testing

exports[`ConfigTestCases optimization hashed-module-ids hashed-module-ids should compile: warnings 1`] = `
Array [
  Object {
    "message": "configuration
The value 'hashed' for option 'optimization.moduleIds' is deprecated. Use 'deterministic' instead.",
  },
]
`;
