// Jest Snapshot v1, https://jestjs.io/docs/snapshot-testing

exports[`warnings 1`] = `
Array [
  Object {
    "loc": "30:8-38",
    "message": "Should not import the named export 'no-esm-text' (imported as 'moduleTextNoEsm') from default-exporting module (only default export is available soon)",
    "moduleName": "./index.js",
  },
  Object {
    "loc": "30:8-38",
    "message": "Should not import the named export 'no-esm-text' (imported as 'moduleTextNoEsm') from default-exporting module (only default export is available soon)",
    "moduleName": "./index.js",
  },
]
`;
