// Jest Snapshot v1, https://jestjs.io/docs/snapshot-testing

exports[`errors 1`] = `
Array [
  Object {
    "message": "Module build failed (from ./errors/load-module-error/error-loader.js):
Error: err: abc
    at Object.module.exports (<TEST_DIR>/error-loader.js:4:11)",
    "moduleName": "./errors/load-module-error/error-loader.js!./errors/load-module-error/b.json",
  },
  Object {
    "message": "Module build failed (from ./errors/load-module-error/loader.js):
Error: The loaded module contains errors
    at <WEBPACK_ROOT>/lib/dependencies/LoaderPlugin.js:111:11
    at <WEBPACK_ROOT>/lib/Compilation.js:2419:5
    at <WEBPACK_ROOT>/lib/util/AsyncQueue.js:410:5
    at Hook.eval [as callAsync] (eval at create (<WEBPACK_ROOT>/node_modules/tapable/lib/HookCodeFactory.js:31:10), <anonymous>:6:1)
    at AsyncQueue._handleResult (<WEBPACK_ROOT>/lib/util/AsyncQueue.js:380:21)
    at <WEBPACK_ROOT>/lib/util/AsyncQueue.js:362:11
    at <WEBPACK_ROOT>/lib/Compilation.js:1666:16
    at <WEBPACK_ROOT>/lib/errors/HookWebpackError.js:101:2
    at Hook.eval [as callAsync] (eval at create (<WEBPACK_ROOT>/node_modules/tapable/lib/HookCodeFactory.js:31:10), <anonymous>:6:1)
    at Cache.store (<WEBPACK_ROOT>/lib/Cache.js:130:20)
    at CacheFacade.store (<WEBPACK_ROOT>/lib/CacheFacade.js:310:15)
    at <WEBPACK_ROOT>/lib/Compilation.js:1650:26
    at <WEBPACK_ROOT>/lib/NormalModule.js:1276:12
    at processResult (<WEBPACK_ROOT>/lib/NormalModule.js:960:12)
    at <WEBPACK_ROOT>/lib/NormalModule.js:1155:5
    at <WEBPACK_ROOT>/node_modules/loader-runner/lib/LoaderRunner.js:527:11
    at <WEBPACK_ROOT>/node_modules/loader-runner/lib/LoaderRunner.js:277:20
    at innerCallback (<WEBPACK_ROOT>/node_modules/loader-runner/lib/LoaderRunner.js:195:4)
    at Object.module.exports (<TEST_DIR>/error-loader.js:4:2)",
    "moduleName": "./errors/load-module-error/loader.js!./errors/load-module-error/a.json",
  },
]
`;
