// Jest Snapshot v1, https://jestjs.io/docs/snapshot-testing

exports[`ConfigCacheTestCases html style-attribute exported tests should resolve url() references inside \`style\` attributes 1`] = `
"<!DOCTYPE html>
<html>
<head>
<title>Style Attribute Test</title>
</head>
<body>
<div style=\\"color: red; background: url(handled-pixel.png);\\">Single url</div>
<p style=\\"color: blue;\\">No url here — left untouched</p>
<span style=\\"background-image: image-set(url(handled-pixel.png) 1x);\\">image-set</span>
<section style=\\"background: url(handled-pixel.png), url(handled-pixel.png);\\">Multiple urls</section>
<div style=\\"background: url(handled-pixel.png);\\">Entity in url</div>
<div style=\\"--quote: &#39;&quot;&#39;; background: url(handled-pixel.png);\\">Entity round-trip</div>
<div style=\\"background: url(handled-pixel.png);\\">Entity-obfuscated url()</div>
</body>
</html>
"
`;
