// Jest Snapshot v1, https://jestjs.io/docs/snapshot-testing

exports[`ConfigCacheTestCases html ruby-annotations ruby-annotations should compile 1`] = `
"<!doctype html><head><title>ruby-annotations</title></head><body>
<ruby>漢<rp>(<rt>kan<rp>)</rp>字<rp>(<rt>ji<rp>)</ruby>
<ruby><rb>base</rb><rt>annotation</rt><rtc>container</rtc></ruby>
<ruby><rb>one</rb><rb>two</rb><rt>both</rt><rtc>whole</rtc></ruby>


</body></html>"
`;
