// Jest Snapshot v1, https://jestjs.io/docs/snapshot-testing

exports[`ConfigCacheTestCases node filename-and-dirname filename-and-dirname should compile: warnings 1`] = `
Array [
  Object {
    "loc": "1:16-25",
    "message": "\\"__dirname\\" has been used, it will be undefined in next major version.
__dirname is a Node.js feature and isn't available in browsers.",
    "moduleName": "./commonjs.js",
  },
  Object {
    "loc": "2:17-27",
    "message": "\\"__filename\\" has been used, it will be undefined in next major version.
__filename is a Node.js feature and isn't available in browsers.",
    "moduleName": "./commonjs.js",
  },
  Object {
    "loc": "1:8-15",
    "message": "\\"import.meta.dirname\\" has been used, it will be undefined in next major version.
__dirname is a Node.js feature and isn't available in browsers.",
    "moduleName": "./destructuring.js",
  },
  Object {
    "loc": "1:17-25",
    "message": "\\"import.meta.filename\\" has been used, it will be undefined in next major version.
__filename is a Node.js feature and isn't available in browsers.",
    "moduleName": "./destructuring.js",
  },
  Object {
    "loc": "1:16-35",
    "message": "\\"import.meta.dirname\\" has been used, it will be undefined in next major version.
__dirname is a Node.js feature and isn't available in browsers.",
    "moduleName": "./esm.js",
  },
  Object {
    "loc": "2:17-37",
    "message": "\\"import.meta.filename\\" has been used, it will be undefined in next major version.
__filename is a Node.js feature and isn't available in browsers.",
    "moduleName": "./esm.js",
  },
  Object {
    "loc": "1:16-25",
    "message": "\\"__dirname\\" has been used, it will be undefined in next major version.
__dirname is a Node.js feature and isn't available in browsers.",
    "moduleName": "./commonjs.js",
  },
  Object {
    "loc": "2:17-27",
    "message": "\\"__filename\\" has been used, it will be undefined in next major version.
__filename is a Node.js feature and isn't available in browsers.",
    "moduleName": "./commonjs.js",
  },
  Object {
    "loc": "1:8-15",
    "message": "\\"import.meta.dirname\\" has been used, it will be undefined in next major version.
__dirname is a Node.js feature and isn't available in browsers.",
    "moduleName": "./destructuring.js",
  },
  Object {
    "loc": "1:17-25",
    "message": "\\"import.meta.filename\\" has been used, it will be undefined in next major version.
__filename is a Node.js feature and isn't available in browsers.",
    "moduleName": "./destructuring.js",
  },
  Object {
    "loc": "1:16-35",
    "message": "\\"import.meta.dirname\\" has been used, it will be undefined in next major version.
__dirname is a Node.js feature and isn't available in browsers.",
    "moduleName": "./esm.js",
  },
  Object {
    "loc": "2:17-37",
    "message": "\\"import.meta.filename\\" has been used, it will be undefined in next major version.
__filename is a Node.js feature and isn't available in browsers.",
    "moduleName": "./esm.js",
  },
  Object {
    "loc": "1:16-25",
    "message": "\\"__dirname\\" has been used, it will be undefined in next major version.
__dirname is a Node.js feature and isn't available in browsers.",
    "moduleName": "./commonjs.js",
  },
  Object {
    "loc": "2:17-27",
    "message": "\\"__filename\\" has been used, it will be undefined in next major version.
__filename is a Node.js feature and isn't available in browsers.",
    "moduleName": "./commonjs.js",
  },
  Object {
    "loc": "1:8-15",
    "message": "\\"import.meta.dirname\\" has been used, it will be undefined in next major version.
__dirname is a Node.js feature and isn't available in browsers.",
    "moduleName": "./destructuring.js",
  },
  Object {
    "loc": "1:17-25",
    "message": "\\"import.meta.filename\\" has been used, it will be undefined in next major version.
__filename is a Node.js feature and isn't available in browsers.",
    "moduleName": "./destructuring.js",
  },
  Object {
    "loc": "1:16-35",
    "message": "\\"import.meta.dirname\\" has been used, it will be undefined in next major version.
__dirname is a Node.js feature and isn't available in browsers.",
    "moduleName": "./esm.js",
  },
  Object {
    "loc": "2:17-37",
    "message": "\\"import.meta.filename\\" has been used, it will be undefined in next major version.
__filename is a Node.js feature and isn't available in browsers.",
    "moduleName": "./esm.js",
  },
  Object {
    "loc": "1:16-25",
    "message": "\\"__dirname\\" has been used, it will be undefined in next major version.
__dirname is a Node.js feature and isn't available in browsers.",
    "moduleName": "./commonjs.js",
  },
  Object {
    "loc": "2:17-27",
    "message": "\\"__filename\\" has been used, it will be undefined in next major version.
__filename is a Node.js feature and isn't available in browsers.",
    "moduleName": "./commonjs.js",
  },
  Object {
    "loc": "1:8-15",
    "message": "\\"import.meta.dirname\\" has been used, it will be undefined in next major version.
__dirname is a Node.js feature and isn't available in browsers.",
    "moduleName": "./destructuring.js",
  },
  Object {
    "loc": "1:17-25",
    "message": "\\"import.meta.filename\\" has been used, it will be undefined in next major version.
__filename is a Node.js feature and isn't available in browsers.",
    "moduleName": "./destructuring.js",
  },
  Object {
    "loc": "1:16-35",
    "message": "\\"import.meta.dirname\\" has been used, it will be undefined in next major version.
__dirname is a Node.js feature and isn't available in browsers.",
    "moduleName": "./esm.js",
  },
  Object {
    "loc": "2:17-37",
    "message": "\\"import.meta.filename\\" has been used, it will be undefined in next major version.
__filename is a Node.js feature and isn't available in browsers.",
    "moduleName": "./esm.js",
  },
  Object {
    "loc": "1:16-25",
    "message": "\\"__dirname\\" has been used, it will be undefined in next major version.
__dirname is a Node.js feature and isn't available in browsers.",
    "moduleName": "./commonjs.js",
  },
  Object {
    "loc": "2:17-27",
    "message": "\\"__filename\\" has been used, it will be undefined in next major version.
__filename is a Node.js feature and isn't available in browsers.",
    "moduleName": "./commonjs.js",
  },
  Object {
    "loc": "1:8-15",
    "message": "\\"import.meta.dirname\\" has been used, it will be undefined in next major version.
__dirname is a Node.js feature and isn't available in browsers.",
    "moduleName": "./destructuring.js",
  },
  Object {
    "loc": "1:17-25",
    "message": "\\"import.meta.filename\\" has been used, it will be undefined in next major version.
__filename is a Node.js feature and isn't available in browsers.",
    "moduleName": "./destructuring.js",
  },
  Object {
    "loc": "1:16-35",
    "message": "\\"import.meta.dirname\\" has been used, it will be undefined in next major version.
__dirname is a Node.js feature and isn't available in browsers.",
    "moduleName": "./esm.js",
  },
  Object {
    "loc": "2:17-37",
    "message": "\\"import.meta.filename\\" has been used, it will be undefined in next major version.
__filename is a Node.js feature and isn't available in browsers.",
    "moduleName": "./esm.js",
  },
]
`;
