// Jest Snapshot v1, https://jestjs.io/docs/snapshot-testing

exports[`errors 1`] = `
Array [
  "Selector \\":global(.foo)\\" is not pure (pure selectors must contain at least one local class or id)",
  "Selector \\".foo, :global(.bar)\\" is not pure (pure selectors must contain at least one local class or id)",
  "Selector \\":global(.bar), .foo\\" is not pure (pure selectors must contain at least one local class or id)",
  "Selector \\"input\\" is not pure (pure selectors must contain at least one local class or id)",
  "Selector \\"[type=\\"radio\\"]\\" is not pure (pure selectors must contain at least one local class or id)",
  "Selector \\"@keyframes :global(foo)\\" is not pure (pure selectors must contain at least one local class or id)",
  "Selector \\"&:hover\\" is not pure (pure selectors must contain at least one local class or id)",
  "Selector \\":global(.bar)\\" is not pure (pure selectors must contain at least one local class or id)",
  "Selector \\":global(.bar)\\" is not pure (pure selectors must contain at least one local class or id)",
  "Selector \\":global(.foo)\\" is not pure (pure selectors must contain at least one local class or id)",
  "Selector \\":global(.bar)\\" is not pure (pure selectors must contain at least one local class or id)",
  "Selector \\":global(.baz)\\" is not pure (pure selectors must contain at least one local class or id)",
  "Selector \\"&:hover\\" is not pure (pure selectors must contain at least one local class or id)",
  "Selector \\"& :global(.bar)\\" is not pure (pure selectors must contain at least one local class or id)",
  "Selector \\":global(.bar)\\" is not pure (pure selectors must contain at least one local class or id)",
  "Selector \\":global(.foo)\\" is not pure (pure selectors must contain at least one local class or id)",
  "Selector \\":global(.foo)\\" is not pure (pure selectors must contain at least one local class or id)",
  "Selector \\":global(.foo)\\" is not pure (pure selectors must contain at least one local class or id)",
  "Selector \\":global(.bar)\\" is not pure (pure selectors must contain at least one local class or id)",
  "Selector \\"&::-webkit-scrollbar\\" is not pure (pure selectors must contain at least one local class or id)",
  "Selector \\"@keyframes :global(fadeIn)\\" is not pure (pure selectors must contain at least one local class or id)",
  "Selector \\":global(.animate)\\" is not pure (pure selectors must contain at least one local class or id)",
  "Selector \\":global(.foo)\\" is not pure (pure selectors must contain at least one local class or id)",
  "Selector \\":global(.foo)\\" is not pure (pure selectors must contain at least one local class or id)",
  "Selector \\":global(.foo)\\" is not pure (pure selectors must contain at least one local class or id)",
  "Selector \\"span\\" is not pure (pure selectors must contain at least one local class or id)",
  "Selector \\"& > span\\" is not pure (pure selectors must contain at least one local class or id)",
  "Selector \\"& > span\\" is not pure (pure selectors must contain at least one local class or id)",
  "Selector \\"& > span\\" is not pure (pure selectors must contain at least one local class or id)",
  "Selector \\"&\\" is not pure (pure selectors must contain at least one local class or id)",
  "Selector \\"div\\" is not pure (pure selectors must contain at least one local class or id)",
  "Selector \\"div\\" is not pure (pure selectors must contain at least one local class or id)",
  "Selector \\"div\\" is not pure (pure selectors must contain at least one local class or id)",
  "Selector \\"div\\" is not pure (pure selectors must contain at least one local class or id)",
  "Selector \\"div\\" is not pure (pure selectors must contain at least one local class or id)",
  "Selector \\"div\\" is not pure (pure selectors must contain at least one local class or id)",
  "Selector \\"div\\" is not pure (pure selectors must contain at least one local class or id)",
  "Selector \\"div\\" is not pure (pure selectors must contain at least one local class or id)",
  "Selector \\"div\\" is not pure (pure selectors must contain at least one local class or id)",
  "Selector \\"html\\" is not pure (pure selectors must contain at least one local class or id)",
  "Selector \\"html\\" is not pure (pure selectors must contain at least one local class or id)",
  "Selector \\"button\\" is not pure (pure selectors must contain at least one local class or id)",
  "Selector \\"button\\" is not pure (pure selectors must contain at least one local class or id)",
]
`;
