// Jest Snapshot v1, https://jestjs.io/docs/snapshot-testing

exports[`ConfigTestCases html svg-marker-cursor-references exported tests should resolve url() references in SVG marker and cursor presentation attributes 1`] = `
"<!DOCTYPE html>
<html>
<head><title>SVG marker and cursor url()</title></head>
<body>

<svg width=\\"200\\" height=\\"200\\">
	<defs>
		<marker id=\\"arrow\\"><path d=\\"M0,0 L10,5 L0,10 z\\"/></marker>
	</defs>
	<line x1=\\"0\\" y1=\\"0\\" x2=\\"100\\" y2=\\"100\\"
		marker=\\"url(dc6915c04562fde305fc.svg#a)\\"
		marker-start=\\"url('dc6915c04562fde305fc.svg#s')\\"
		marker-mid=\\"url(dc6915c04562fde305fc.svg#m)\\"
		marker-end=\\"url(dc6915c04562fde305fc.svg#e)\\"/>
	<rect width=\\"50\\" height=\\"50\\" cursor=\\"url(dc6915c04562fde305fc.svg)\\" fill=\\"none\\"/>
	<rect width=\\"50\\" height=\\"50\\" marker-start=\\"url(#arrow)\\"/>
</svg>

</body>
</html>
"
`;
