// Jest Snapshot v1, https://jestjs.io/docs/snapshot-testing

exports[`warnings 1`] = `
Array [
  Object {
    "loc": "12:8-37",
    "message": "Compilation error while processing magic comment(-s): /****webpackIgnore: false***/: Unexpected token **",
    "moduleName": "css ./style.css",
  },
  Object {
    "loc": "13:8-60",
    "message": "Compilation error while processing magic comment(-s): /*   *   *   *   webpackIgnore:   false   *   *   */: Unexpected token *",
    "moduleName": "css ./style.css",
  },
  Object {
    "loc": "15:0-16:0",
    "message": "\`webpackIgnore\` expected a boolean, but received: 1.",
    "moduleName": "css ./style.css",
  },
  Object {
    "loc": "275:47-62",
    "message": "\`webpackIgnore\` expected a boolean, but received: 1.",
    "moduleName": "css ./style.css",
  },
  Object {
    "loc": "276:18-61",
    "message": "\`webpackIgnore\` expected a boolean, but received: 1.",
    "moduleName": "css ./style.css",
  },
  Object {
    "loc": "277:57-72",
    "message": "\`webpackIgnore\` expected a boolean, but received: 1.",
    "moduleName": "css ./style.css",
  },
  Object {
    "loc": "301:19-47",
    "message": "Compilation error while processing magic comment(-s): /***webpackIgnore:  true***/: Unexpected token **",
    "moduleName": "css ./style.css",
  },
  Object {
    "loc": "302:19-47",
    "message": "Compilation error while processing magic comment(-s): /***webpackIgnore:  true***/: Unexpected token **",
    "moduleName": "css ./style.css",
  },
  Object {
    "loc": "303:29-57",
    "message": "Compilation error while processing magic comment(-s): /***webpackIgnore:  true***/: Unexpected token **",
    "moduleName": "css ./style.css",
  },
  Object {
    "loc": "303:29-57",
    "message": "Compilation error while processing magic comment(-s): /***webpackIgnore:  true***/: Unexpected token **",
    "moduleName": "css ./style.css",
  },
]
`;
