// Jest Snapshot v1, https://jestjs.io/docs/snapshot-testing

exports[`ConfigTestCases html iframe-srcdoc exported tests should rewrite asset URLs inside <iframe srcdoc> 1`] = `
"<!DOCTYPE html>
<html>
<head><title>iframe srcdoc</title></head>
<body>
<iframe srcdoc=\\"<img src=&quot;handled-pixel.png&quot; alt=&quot;a&#39;b&quot;>\\"></iframe>
<iframe srcdoc=\\"<p>hello <b>world</b></p>\\"></iframe>
<iframe srcdoc=\\"<img src=&quot;handled-pixel.png&quot;><img src=&quot;handled-other.png&quot;>\\"></iframe>
<iframe srcdoc=\\"<img src=&quot;handled-pixel.png&quot;>\\"></iframe>
<iframe srcdoc=\\"<div style=&quot;background: url(handled-pixel.png)&quot;>styled</div>\\"></iframe>
<iframe srcdoc=\\"no assets here\\"></iframe>
</body>
</html>
"
`;
