// Jest Snapshot v1, https://jestjs.io/docs/snapshot-testing

exports[`ConfigCacheTestCases html iframe-srcdoc exported tests should rewrite asset URLs inside <iframe srcdoc> 1`] = `
"<!DOCTYPE html>
<html>
<head><title>iframe srcdoc</title></head>
<body>
<iframe srcdoc=\\"<img src=&quot;handled-pixel.png&quot; alt=&quot;a&#39;b&amp;c&quot;>\\"></iframe>
<iframe srcdoc=\\"<p>hello <b>world</b></p>\\"></iframe>
<iframe srcdoc=\\"<img src=&quot;handled-pixel.png&quot;><img src=&quot;handled-other.png&quot;>\\"></iframe>
<iframe srcdoc=\\"<img src=&quot;handled-pixel.png&quot;>\\"></iframe>
<iframe srcdoc=\\"<div style=&quot;background: url(handled-pixel.png)&quot;>styled</div>\\"></iframe>
<iframe srcdoc='<img src=&quot;handled-pixel.png&quot;>'></iframe>
<iframe srcdoc=\\"<link rel=&quot;icon&quot; href=&quot;handled-pixel.png&quot;>\\"></iframe>
<iframe srcdoc=\\"<iframe srcdoc=&quot;<img src=&amp;quot;handled-pixel.png&amp;quot;>&quot;>\\"></iframe>
<iframe srcdoc=\\"<img src=&quot;data:,&quot;>\\"></iframe>
<iframe srcdoc=\\"no assets here\\"></iframe>
</body>
</html>
"
`;
