// Jest Snapshot v1, https://jestjs.io/docs/snapshot-testing

exports[`ConfigTestCases embedded everything everything should compile 1`] = `
Object {
  "assetPage": "<!doctype html><html lang=en><head><title>asset</title><style>.assetStyle{background:url(\\"data:image/svg+xml,<svg> <rect fill='red' /> </svg>\\");color:red}</style><script>var assetScript=1;function f(){return assetScript}</script><script type=application/json>{\\"assetJson\\":1}</script></head><body>
<p style=color:#0f0>hi</p>
<svg viewBox=\\"0 0 2 2\\"> <rect fill=red /> </svg>
<iframe srcdoc=\\"<style>.assetSrcdoc{color:#00f}</style>\\"></iframe>

</body></html>",
  "entryPage": "<!doctype html><html lang=en><head><title>entry</title><style>.entryStyle{background:url(\\"data:image/svg+xml,<svg> <rect fill='red' /> </svg>\\");color:red}</style><script src=__html_2a0885fc_0.js></script><script type=application/json>{\\"entryJson\\":1}</script></head><body>
<p style=color:#0f0>hi</p>
<svg viewBox=\\"0 0 2 2\\"> <rect fill=red /> </svg>
<iframe srcdoc=\\"<style>.entrySrcdoc{color:#00f}</style>\\"></iframe>

</body></html>",
  "sheet": "@import url(data:text/css,.imported{color:red});.svg{background:url(\\"data:image/svg+xml,<svg> <rect fill='red' /> </svg>\\")}.html{background:url(\\"data:text/html,<div>    <p>hi</p>  </div>\\")}.json{background:url('data:application/json,{\\"a\\":1}')}.javascript{background:url(data:text/javascript,var\\\\ a=1;)}.svgBase64{background:url(data:image/svg+xml;base64,PHN2Zz4gPHJlY3QgZmlsbD0ncmVkJyAvPiA8L3N2Zz4=)}.cssBase64{background:url(data:text/css;base64,LmlubmVye2NvbG9yOnJlZH0=)}.png{background:url(data:image/png;base64,AAAA)}.sheet_asset_css{color:red;margin:10px}",
}
`;

exports[`ConfigTestCases embedded everything exported tests minifies a \`data:\` payload of every language a media type names 1`] = `"@import url(data:text/css,.imported{color:red});.svg{background:url(\\"data:image/svg+xml,<svg> <rect fill='red' /> </svg>\\")}.html{background:url(\\"data:text/html,<div>    <p>hi</p>  </div>\\")}.json{background:url('data:application/json,{\\"a\\":1}')}.javascript{background:url(data:text/javascript,var\\\\ a=1;)}.svgBase64{background:url(data:image/svg+xml;base64,PHN2Zz4gPHJlY3QgZmlsbD0ncmVkJyAvPiA8L3N2Zz4=)}.cssBase64{background:url(data:text/css;base64,LmlubmVye2NvbG9yOnJlZH0=)}.png{background:url(data:image/png;base64,AAAA)}.sheet_text_css{color:red;margin:10px}"`;

exports[`ConfigTestCases embedded everything exported tests minifies every body a document nests 1`] = `
"<!doctype html><html lang=en><head><title>module</title><style>.moduleStyle{background:url(\\"data:image/svg+xml,<svg> <rect fill='red' /> </svg>\\");color:red}</style><script src=__html_fc45afb8_0.js></script><script type=application/json>{\\"moduleJson\\":1}</script></head><body>
<p style=color:#0f0>hi</p>
<svg viewBox=\\"0 0 2 2\\"> <rect fill=red /> </svg>
<iframe srcdoc=\\"<style>.moduleSrcdoc{color:#00f}</style>\\"></iframe>

</body></html>"
`;
