// Jest Snapshot v1, https://jestjs.io/docs/snapshot-testing

exports[`warnings 1`] = `
Array [
  "\\"global\\" has been used, it will be undefined in next major version.
The global namespace object is a Node.js feature and isn't available in browsers.",
  "\\"__filename\\" has been used, it will be undefined in next major version.
__filename is a Node.js feature and isn't available in browsers.",
  "\\"__dirname\\" has been used, it will be undefined in next major version.
__dirname is a Node.js feature and isn't available in browsers.",
  "\\"global\\" has been used, it will be undefined in next major version.
The global namespace object is a Node.js feature and isn't available in browsers.",
  "\\"__filename\\" has been used, it will be undefined in next major version.
__filename is a Node.js feature and isn't available in browsers.",
  "\\"__dirname\\" has been used, it will be undefined in next major version.
__dirname is a Node.js feature and isn't available in browsers.",
]
`;
