// Jest Snapshot v1, https://jestjs.io/docs/snapshot-testing

exports[`ConfigTestCases css minimize-dead-rules minimize-dead-rules should compile 1`] = `
Array [
  "/*! two copies with a rule between them: the first goes */.between1{color:teal}.t01{color:red}",
  "/*! and with a whole block between them */@media screen{.between2{color:teal}}.t02{color:red}",
  "/*! copies in two blocks sharing a condition */.between3{color:teal}@media print{.t03{color:red}}",
  "/*! the same selector under a different condition is a different rule */@media screen{.t04{color:red}}@media print{.t04{color:red}}",
  "/*! the same selector with a different block is not a copy */.t05{color:red}.between5{color:teal}.t05{color:blue}",
  "/*! three copies leave the last */.m1{color:teal}.m2{color:teal}.t06{color:red}",
  "/*! a block a cut empties goes, as an empty one written here would */.between7{color:teal}@media speech{.t07{color:red}}",
  "/*! a keyframe repeated at one offset is left to the printer */@keyframes t08{0%{opacity:0}to{opacity:1}}",
  "/*! a rule nested in another is read under it, so a copy elsewhere under the
   same rule makes it dead even where the two blocks differ otherwise */.t09{width:1px}.between9{color:teal}.t09{height:2px;.inner{color:red}}",
  "/*! and the same selector under another rule is another rule */.t10a{.inner{color:red}}.t10b{.inner{color:red}}",
]
`;
