// Jest Snapshot v1, https://jestjs.io/docs/snapshot-testing

exports[`ConfigTestCases css local-ident-name exported tests should have correct local ident for css export locals 1`] = `
Object {
  "btn--info_is-disabled_1": "style_module_css-btn--info_is-disabled_1",
  "btn-info_is-disabled": "style_module_css-btn-info_is-disabled",
  "color-red": "--style_module_css-color-red",
  "foo": "bar",
  "foo_bar": "style_module_css-foo_bar",
  "my-btn-info_is-disabled": "value",
  "simple": "style_module_css-simple",
}
`;

exports[`ConfigTestCases css local-ident-name exported tests should have correct local ident for css export locals 2`] = `
Object {
  "btn--info_is-disabled_1": "_6c72af5305d39e8e6604",
  "btn-info_is-disabled": "_6c72af5305d39e8e6604",
  "color-red": "--_6c72af5305d39e8e6604",
  "foo": "bar",
  "foo_bar": "_6c72af5305d39e8e6604",
  "my-btn-info_is-disabled": "value",
  "simple": "_6c72af5305d39e8e6604",
}
`;

exports[`ConfigTestCases css local-ident-name exported tests should have correct local ident for css export locals 3`] = `
Object {
  "btn--info_is-disabled_1": "feba22d037d8459664e4-btn--info_is-disabled_1",
  "btn-info_is-disabled": "feba22d037d8459664e4-btn-info_is-disabled",
  "color-red": "--feba22d037d8459664e4-color-red",
  "foo": "bar",
  "foo_bar": "feba22d037d8459664e4-foo_bar",
  "my-btn-info_is-disabled": "value",
  "simple": "feba22d037d8459664e4-simple",
}
`;

exports[`ConfigTestCases css local-ident-name exported tests should have correct local ident for css export locals 4`] = `
Object {
  "btn--info_is-disabled_1": "./style.module__btn--info_is-disabled_1",
  "btn-info_is-disabled": "./style.module__btn-info_is-disabled",
  "color-red": "--./style.module__color-red",
  "foo": "bar",
  "foo_bar": "./style.module__foo_bar",
  "my-btn-info_is-disabled": "value",
  "simple": "./style.module__simple",
}
`;

exports[`ConfigTestCases css local-ident-name exported tests should have correct local ident for css export locals 5`] = `
Object {
  "btn--info_is-disabled_1": "./style.module.css__btn--info_is-disabled_1",
  "btn-info_is-disabled": "./style.module.css__btn-info_is-disabled",
  "color-red": "--./style.module.css__color-red",
  "foo": "bar",
  "foo_bar": "./style.module.css__foo_bar",
  "my-btn-info_is-disabled": "value",
  "simple": "./style.module.css__simple",
}
`;

exports[`ConfigTestCases css local-ident-name exported tests should have correct local ident for css export locals 6`] = `
Object {
  "btn--info_is-disabled_1": "./style.module.css?q#f__btn--info_is-disabled_1",
  "btn-info_is-disabled": "./style.module.css?q#f__btn-info_is-disabled",
  "color-red": "--./style.module.css?q#f__color-red",
  "foo": "bar",
  "foo_bar": "./style.module.css?q#f__foo_bar",
  "my-btn-info_is-disabled": "value",
  "simple": "./style.module.css?q#f__simple",
}
`;

exports[`ConfigTestCases css local-ident-name exported tests should have correct local ident for css export locals 7`] = `
Object {
  "btn--info_is-disabled_1": "-style_module_css_uniqueName-id-contenthash-66ccbbe4ce365e96ef13",
  "btn-info_is-disabled": "-style_module_css_uniqueName-id-contenthash-66ccbbe4ce365e96ef13",
  "color-red": "---style_module_css_uniqueName-id-contenthash-66ccbbe4ce365e96ef13",
  "foo": "bar",
  "foo_bar": "-style_module_css_uniqueName-id-contenthash-66ccbbe4ce365e96ef13",
  "my-btn-info_is-disabled": "value",
  "simple": "-style_module_css_uniqueName-id-contenthash-66ccbbe4ce365e96ef13",
}
`;

exports[`ConfigTestCases css local-ident-name exported tests should have correct local ident for css export locals 8`] = `
Object {
  "btn--info_is-disabled_1": "_94f13eb84850b74f1adc-btn--info_is-disabled_1",
  "btn-info_is-disabled": "_94f13eb84850b74f1adc-btn-info_is-disabled",
  "color-red": "--_94f13eb84850b74f1adc-color-red",
  "foo": "bar",
  "foo_bar": "_94f13eb84850b74f1adc-foo_bar",
  "my-btn-info_is-disabled": "value",
  "simple": "_94f13eb84850b74f1adc-simple",
}
`;

exports[`ConfigTestCases css local-ident-name exported tests should have correct local ident for css export locals 9`] = `
Object {
  "btn--info_is-disabled_1": "style_module_css-btn--info_is-disabled_1",
  "btn-info_is-disabled": "style_module_css-btn-info_is-disabled",
  "color-red": "--style_module_css-color-red",
  "foo": "bar",
  "foo_bar": "style_module_css-foo_bar",
  "my-btn-info_is-disabled": "value",
  "simple": "style_module_css-simple",
}
`;

exports[`ConfigTestCases css local-ident-name exported tests should have correct local ident for css export locals 10`] = `
Object {
  "btn--info_is-disabled_1": "_5f3fcde7ea33f2d6f6cc",
  "btn-info_is-disabled": "_5f3fcde7ea33f2d6f6cc",
  "color-red": "--_5f3fcde7ea33f2d6f6cc",
  "foo": "bar",
  "foo_bar": "_5f3fcde7ea33f2d6f6cc",
  "my-btn-info_is-disabled": "value",
  "simple": "_5f3fcde7ea33f2d6f6cc",
}
`;

exports[`ConfigTestCases css local-ident-name exported tests should have correct local ident for css export locals 11`] = `
Object {
  "btn--info_is-disabled_1": "ee55fafa900a600a5f50-btn--info_is-disabled_1",
  "btn-info_is-disabled": "ee55fafa900a600a5f50-btn-info_is-disabled",
  "color-red": "--ee55fafa900a600a5f50-color-red",
  "foo": "bar",
  "foo_bar": "ee55fafa900a600a5f50-foo_bar",
  "my-btn-info_is-disabled": "value",
  "simple": "ee55fafa900a600a5f50-simple",
}
`;

exports[`ConfigTestCases css local-ident-name exported tests should have correct local ident for css export locals 12`] = `
Object {
  "btn--info_is-disabled_1": "./style.module__btn--info_is-disabled_1",
  "btn-info_is-disabled": "./style.module__btn-info_is-disabled",
  "color-red": "--./style.module__color-red",
  "foo": "bar",
  "foo_bar": "./style.module__foo_bar",
  "my-btn-info_is-disabled": "value",
  "simple": "./style.module__simple",
}
`;

exports[`ConfigTestCases css local-ident-name exported tests should have correct local ident for css export locals 13`] = `
Object {
  "btn--info_is-disabled_1": "./style.module.css__btn--info_is-disabled_1",
  "btn-info_is-disabled": "./style.module.css__btn-info_is-disabled",
  "color-red": "--./style.module.css__color-red",
  "foo": "bar",
  "foo_bar": "./style.module.css__foo_bar",
  "my-btn-info_is-disabled": "value",
  "simple": "./style.module.css__simple",
}
`;

exports[`ConfigTestCases css local-ident-name exported tests should have correct local ident for css export locals 14`] = `
Object {
  "btn--info_is-disabled_1": "./style.module.css?q#f__btn--info_is-disabled_1",
  "btn-info_is-disabled": "./style.module.css?q#f__btn-info_is-disabled",
  "color-red": "--./style.module.css?q#f__color-red",
  "foo": "bar",
  "foo_bar": "./style.module.css?q#f__foo_bar",
  "my-btn-info_is-disabled": "value",
  "simple": "./style.module.css?q#f__simple",
}
`;

exports[`ConfigTestCases css local-ident-name exported tests should have correct local ident for css export locals 15`] = `
Object {
  "btn--info_is-disabled_1": "-style_module_css_uniqueName-id-contenthash-66ccbbe4ce365e96ef13",
  "btn-info_is-disabled": "-style_module_css_uniqueName-id-contenthash-66ccbbe4ce365e96ef13",
  "color-red": "---style_module_css_uniqueName-id-contenthash-66ccbbe4ce365e96ef13",
  "foo": "bar",
  "foo_bar": "-style_module_css_uniqueName-id-contenthash-66ccbbe4ce365e96ef13",
  "my-btn-info_is-disabled": "value",
  "simple": "-style_module_css_uniqueName-id-contenthash-66ccbbe4ce365e96ef13",
}
`;

exports[`ConfigTestCases css local-ident-name exported tests should have correct local ident for css export locals 16`] = `
Object {
  "btn--info_is-disabled_1": "_8b60a03ccaa18985becd-btn--info_is-disabled_1",
  "btn-info_is-disabled": "_8b60a03ccaa18985becd-btn-info_is-disabled",
  "color-red": "--_8b60a03ccaa18985becd-color-red",
  "foo": "bar",
  "foo_bar": "_8b60a03ccaa18985becd-foo_bar",
  "my-btn-info_is-disabled": "value",
  "simple": "_8b60a03ccaa18985becd-simple",
}
`;
