// Jest Snapshot v1, https://jestjs.io/docs/snapshot-testing

exports[`ConfigTestCases css local-ident-name exported tests should have correct local ident for css export locals 1`] = `
Object {
  "btn--info_is-disabled_1": "style_module_css-btn--info_is-disabled_1",
  "btn-info_is-disabled": "style_module_css-btn-info_is-disabled",
  "color-red": "--style_module_css-color-red",
  "foo": "bar",
  "foo_bar": "style_module_css-foo_bar",
  "my-btn-info_is-disabled": "value",
  "simple": "style_module_css-simple",
}
`;

exports[`ConfigTestCases css local-ident-name exported tests should have correct local ident for css export locals 2`] = `
Object {
  "btn--info_is-disabled_1": "_0dd29f73dea88606ae8e",
  "btn-info_is-disabled": "_0dd29f73dea88606ae8e",
  "color-red": "--_0dd29f73dea88606ae8e",
  "foo": "bar",
  "foo_bar": "_0dd29f73dea88606ae8e",
  "my-btn-info_is-disabled": "value",
  "simple": "_0dd29f73dea88606ae8e",
}
`;

exports[`ConfigTestCases css local-ident-name exported tests should have correct local ident for css export locals 3`] = `
Object {
  "btn--info_is-disabled_1": "_26658d651495575453a9-btn--info_is-disabled_1",
  "btn-info_is-disabled": "_26658d651495575453a9-btn-info_is-disabled",
  "color-red": "--_26658d651495575453a9-color-red",
  "foo": "bar",
  "foo_bar": "_26658d651495575453a9-foo_bar",
  "my-btn-info_is-disabled": "value",
  "simple": "_26658d651495575453a9-simple",
}
`;

exports[`ConfigTestCases css local-ident-name exported tests should have correct local ident for css export locals 4`] = `
Object {
  "btn--info_is-disabled_1": "./style.module__btn--info_is-disabled_1",
  "btn-info_is-disabled": "./style.module__btn-info_is-disabled",
  "color-red": "--./style.module__color-red",
  "foo": "bar",
  "foo_bar": "./style.module__foo_bar",
  "my-btn-info_is-disabled": "value",
  "simple": "./style.module__simple",
}
`;

exports[`ConfigTestCases css local-ident-name exported tests should have correct local ident for css export locals 5`] = `
Object {
  "btn--info_is-disabled_1": "./style.module.css__btn--info_is-disabled_1",
  "btn-info_is-disabled": "./style.module.css__btn-info_is-disabled",
  "color-red": "--./style.module.css__color-red",
  "foo": "bar",
  "foo_bar": "./style.module.css__foo_bar",
  "my-btn-info_is-disabled": "value",
  "simple": "./style.module.css__simple",
}
`;

exports[`ConfigTestCases css local-ident-name exported tests should have correct local ident for css export locals 6`] = `
Object {
  "btn--info_is-disabled_1": "./style.module.css?q#f__btn--info_is-disabled_1",
  "btn-info_is-disabled": "./style.module.css?q#f__btn-info_is-disabled",
  "color-red": "--./style.module.css?q#f__color-red",
  "foo": "bar",
  "foo_bar": "./style.module.css?q#f__foo_bar",
  "my-btn-info_is-disabled": "value",
  "simple": "./style.module.css?q#f__simple",
}
`;

exports[`ConfigTestCases css local-ident-name exported tests should have correct local ident for css export locals 7`] = `
Object {
  "btn--info_is-disabled_1": "-style_module_css_uniqueName-id-contenthash-66ccbbe4ce365e96ef13",
  "btn-info_is-disabled": "-style_module_css_uniqueName-id-contenthash-66ccbbe4ce365e96ef13",
  "color-red": "---style_module_css_uniqueName-id-contenthash-66ccbbe4ce365e96ef13",
  "foo": "bar",
  "foo_bar": "-style_module_css_uniqueName-id-contenthash-66ccbbe4ce365e96ef13",
  "my-btn-info_is-disabled": "value",
  "simple": "-style_module_css_uniqueName-id-contenthash-66ccbbe4ce365e96ef13",
}
`;

exports[`ConfigTestCases css local-ident-name exported tests should have correct local ident for css export locals 8`] = `
Object {
  "btn--info_is-disabled_1": "_78c918141017246fe472-btn--info_is-disabled_1",
  "btn-info_is-disabled": "_78c918141017246fe472-btn-info_is-disabled",
  "color-red": "--_78c918141017246fe472-color-red",
  "foo": "bar",
  "foo_bar": "_78c918141017246fe472-foo_bar",
  "my-btn-info_is-disabled": "value",
  "simple": "_78c918141017246fe472-simple",
}
`;

exports[`ConfigTestCases css local-ident-name exported tests should have correct local ident for css export locals 9`] = `
Object {
  "btn--info_is-disabled_1": "style_module_css-btn--info_is-disabled_1",
  "btn-info_is-disabled": "style_module_css-btn-info_is-disabled",
  "color-red": "--style_module_css-color-red",
  "foo": "bar",
  "foo_bar": "style_module_css-foo_bar",
  "my-btn-info_is-disabled": "value",
  "simple": "style_module_css-simple",
}
`;

exports[`ConfigTestCases css local-ident-name exported tests should have correct local ident for css export locals 10`] = `
Object {
  "btn--info_is-disabled_1": "fd8953d7b68db99277a0",
  "btn-info_is-disabled": "fd8953d7b68db99277a0",
  "color-red": "--fd8953d7b68db99277a0",
  "foo": "bar",
  "foo_bar": "fd8953d7b68db99277a0",
  "my-btn-info_is-disabled": "value",
  "simple": "fd8953d7b68db99277a0",
}
`;

exports[`ConfigTestCases css local-ident-name exported tests should have correct local ident for css export locals 11`] = `
Object {
  "btn--info_is-disabled_1": "_54bf27341e3b9f7be65e-btn--info_is-disabled_1",
  "btn-info_is-disabled": "_54bf27341e3b9f7be65e-btn-info_is-disabled",
  "color-red": "--_54bf27341e3b9f7be65e-color-red",
  "foo": "bar",
  "foo_bar": "_54bf27341e3b9f7be65e-foo_bar",
  "my-btn-info_is-disabled": "value",
  "simple": "_54bf27341e3b9f7be65e-simple",
}
`;

exports[`ConfigTestCases css local-ident-name exported tests should have correct local ident for css export locals 12`] = `
Object {
  "btn--info_is-disabled_1": "./style.module__btn--info_is-disabled_1",
  "btn-info_is-disabled": "./style.module__btn-info_is-disabled",
  "color-red": "--./style.module__color-red",
  "foo": "bar",
  "foo_bar": "./style.module__foo_bar",
  "my-btn-info_is-disabled": "value",
  "simple": "./style.module__simple",
}
`;

exports[`ConfigTestCases css local-ident-name exported tests should have correct local ident for css export locals 13`] = `
Object {
  "btn--info_is-disabled_1": "./style.module.css__btn--info_is-disabled_1",
  "btn-info_is-disabled": "./style.module.css__btn-info_is-disabled",
  "color-red": "--./style.module.css__color-red",
  "foo": "bar",
  "foo_bar": "./style.module.css__foo_bar",
  "my-btn-info_is-disabled": "value",
  "simple": "./style.module.css__simple",
}
`;

exports[`ConfigTestCases css local-ident-name exported tests should have correct local ident for css export locals 14`] = `
Object {
  "btn--info_is-disabled_1": "./style.module.css?q#f__btn--info_is-disabled_1",
  "btn-info_is-disabled": "./style.module.css?q#f__btn-info_is-disabled",
  "color-red": "--./style.module.css?q#f__color-red",
  "foo": "bar",
  "foo_bar": "./style.module.css?q#f__foo_bar",
  "my-btn-info_is-disabled": "value",
  "simple": "./style.module.css?q#f__simple",
}
`;

exports[`ConfigTestCases css local-ident-name exported tests should have correct local ident for css export locals 15`] = `
Object {
  "btn--info_is-disabled_1": "-style_module_css_uniqueName-id-contenthash-66ccbbe4ce365e96ef13",
  "btn-info_is-disabled": "-style_module_css_uniqueName-id-contenthash-66ccbbe4ce365e96ef13",
  "color-red": "---style_module_css_uniqueName-id-contenthash-66ccbbe4ce365e96ef13",
  "foo": "bar",
  "foo_bar": "-style_module_css_uniqueName-id-contenthash-66ccbbe4ce365e96ef13",
  "my-btn-info_is-disabled": "value",
  "simple": "-style_module_css_uniqueName-id-contenthash-66ccbbe4ce365e96ef13",
}
`;

exports[`ConfigTestCases css local-ident-name exported tests should have correct local ident for css export locals 16`] = `
Object {
  "btn--info_is-disabled_1": "_31b7efe08dce677d1ef4-btn--info_is-disabled_1",
  "btn-info_is-disabled": "_31b7efe08dce677d1ef4-btn-info_is-disabled",
  "color-red": "--_31b7efe08dce677d1ef4-color-red",
  "foo": "bar",
  "foo_bar": "_31b7efe08dce677d1ef4-foo_bar",
  "my-btn-info_is-disabled": "value",
  "simple": "_31b7efe08dce677d1ef4-simple",
}
`;
