// Jest Snapshot v1, https://jestjs.io/docs/snapshot-testing

exports[`ConfigCacheTestCases css minimize-embedded-data-url minimize-embedded-data-url should compile 1`] = `"@import url(data:text/css,.inner{color:red});.svg{background:url(\\"data:image/svg+xml,<svg xmlns='http://www.w3.org/2000/svg'> <rect fill='red' /> </svg>\\");color:red}.javascript{background:url(\\"data:text/javascript,var a=1;function f(){return a}\\")}.json{background:url('data:application/json,{\\"a\\":1}')}.html{background:url(\\"data:text/html,<div>    <p>hi</p>  </div>\\")}.png{background:url(data:image/png;base64,AAAA)}"`;
