// Jest Snapshot v1, https://jestjs.io/docs/snapshot-testing

exports[`ConfigTestCases dll-plugin 3-use-dll-with-hashid 3-use-dll-with-hashid should compile: warnings 1`] = `
Array [
  Object {
    "message": "configuration
The value 'hashed' for option 'optimization.moduleIds' is deprecated. Use 'deterministic' instead.",
  },
]
`;
