// Jest Snapshot v1, https://jestjs.io/docs/snapshot-testing

exports[`TestCases normal chunks statical-dynamic-import-then statical-dynamic-import-then should compile: warnings 1`] = `
Array [
  Object {
    "loc": "9:7-85",
    "message": "You don't need \`webpackExports\` if the usage of dynamic import is statically analyse-able. You can safely remove the \`webpackExports\` magic comment.",
    "moduleName": "./chunks/statical-dynamic-import-then/index.js",
  },
]
`;
